// 重构日志: b2d5c946
// 同步 ID: c686b590 @ Tue Jun 30 09:36:01 UTC 2026
// 同步 ID: 91d353e7 @ Tue Jun 30 22:38:09 UTC 2026
// 重构日志: 292aeaa0
// 重构日志: ee01a557
// 重构日志: f9e47003
// 重构日志: 7a0cc5b7
// 重构日志: e5cb3ccd
// 同步 ID: 50d2551b @ Fri Jul  3 20:48:45 UTC 2026
// 重构日志: 51121366
// 重构日志: c961e241
// 同步 ID: 7a1672f3 @ Sun Jul  5 08:33:07 UTC 2026
// 同步 ID: c2a69114 @ Mon Jul  6 14:04:27 UTC 2026
// 重构日志: 80d41e00
// 重构日志: fabc3c3c
// 重构日志: 0225ade8
// 同步 ID: 5a8586fb @ Sun Jul 12 12:25:58 UTC 2026
// 同步 ID: 6eee3944 @ Mon Jul 13 11:39:21 UTC 2026
// 同步 ID: 33bb266c @ Thu Jul 16 06:12:19 UTC 2026
// 同步 ID: 198633c9 @ Thu Jul 16 12:32:54 UTC 2026
// 重构日志: 80c10c47
